// Jest Snapshot v1, https://goo.gl/fbAQLP

exports[`LoadingSpinner.js should render component and match snapshot 1`] = `
<div class="loading-spinner">
  <div class="loading-spinner__wrapper" style="width: 18px; height: 18px;">
    <div style="transform-origin: 9px 9px; animation: loading-spinner 1.2s linear infinite; transform: rotate(0deg); animation-delay: -1.0999999999999999s;">
      <div class="loading-spinner__ray" style="border-radius: 20%; top: 1px; left: 8px; width: 1px; height: 4px;"></div>
    </div>
    <div style="transform-origin: 9px 9px; animation: loading-spinner 1.2s linear infinite; transform: rotate(30deg); animation-delay: -1s;">
      <div class="loading-spinner__ray" style="border-radius: 20%; top: 1px; left: 8px; width: 1px; height: 4px;"></div>
    </div>
    <div style="transform-origin: 9px 9px; animation: loading-spinner 1.2s linear infinite; transform: rotate(60deg); animation-delay: -0.8999999999999999s;">
      <div class="loading-spinner__ray" style="border-radius: 20%; top: 1px; left: 8px; width: 1px; height: 4px;"></div>
    </div>
    <div style="transform-origin: 9px 9px; animation: loading-spinner 1.2s linear infinite; transform: rotate(90deg); animation-delay: -0.7999999999999999s;">
      <div class="loading-spinner__ray" style="border-radius: 20%; top: 1px; left: 8px; width: 1px; height: 4px;"></div>
    </div>
    <div style="transform-origin: 9px 9px; animation: loading-spinner 1.2s linear infinite; transform: rotate(120deg); animation-delay: -0.7000000000000001s;">
      <div class="loading-spinner__ray" style="border-radius: 20%; top: 1px; left: 8px; width: 1px; height: 4px;"></div>
    </div>
    <div style="transform-origin: 9px 9px; animation: loading-spinner 1.2s linear infinite; transform: rotate(150deg); animation-delay: -0.6s;">
      <div class="loading-spinner__ray" style="border-radius: 20%; top: 1px; left: 8px; width: 1px; height: 4px;"></div>
    </div>
    <div style="transform-origin: 9px 9px; animation: loading-spinner 1.2s linear infinite; transform: rotate(180deg); animation-delay: -0.5s;">
      <div class="loading-spinner__ray" style="border-radius: 20%; top: 1px; left: 8px; width: 1px; height: 4px;"></div>
    </div>
    <div style="transform-origin: 9px 9px; animation: loading-spinner 1.2s linear infinite; transform: rotate(210deg); animation-delay: -0.39999999999999997s;">
      <div class="loading-spinner__ray" style="border-radius: 20%; top: 1px; left: 8px; width: 1px; height: 4px;"></div>
    </div>
    <div style="transform-origin: 9px 9px; animation: loading-spinner 1.2s linear infinite; transform: rotate(240deg); animation-delay: -0.3s;">
      <div class="loading-spinner__ray" style="border-radius: 20%; top: 1px; left: 8px; width: 1px; height: 4px;"></div>
    </div>
    <div style="transform-origin: 9px 9px; animation: loading-spinner 1.2s linear infinite; transform: rotate(270deg); animation-delay: -0.19999999999999998s;">
      <div class="loading-spinner__ray" style="border-radius: 20%; top: 1px; left: 8px; width: 1px; height: 4px;"></div>
    </div>
    <div style="transform-origin: 9px 9px; animation: loading-spinner 1.2s linear infinite; transform: rotate(300deg); animation-delay: -0.09999999999999999s;">
      <div class="loading-spinner__ray" style="border-radius: 20%; top: 1px; left: 8px; width: 1px; height: 4px;"></div>
    </div>
    <div style="transform-origin: 9px 9px; animation: loading-spinner 1.2s linear infinite; transform: rotate(330deg); animation-delay: 0s;">
      <div class="loading-spinner__ray" style="border-radius: 20%; top: 1px; left: 8px; width: 1px; height: 4px;"></div>
    </div>
  </div>
</div>
`;

exports[`LoadingSpinner.js should render component with size prop and match snapshot 1`] = `
<div class="loading-spinner">
  <div class="loading-spinner__wrapper" style="width: 24px; height: 24px;">
    <div style="transform-origin: 12px 12px; animation: loading-spinner 1.2s linear infinite; transform: rotate(0deg); animation-delay: -1.0999999999999999s;">
      <div class="loading-spinner__ray" style="border-radius: 20%; top: 1px; left: 11px; width: 2px; height: 5px;"></div>
    </div>
    <div style="transform-origin: 12px 12px; animation: loading-spinner 1.2s linear infinite; transform: rotate(30deg); animation-delay: -1s;">
      <div class="loading-spinner__ray" style="border-radius: 20%; top: 1px; left: 11px; width: 2px; height: 5px;"></div>
    </div>
    <div style="transform-origin: 12px 12px; animation: loading-spinner 1.2s linear infinite; transform: rotate(60deg); animation-delay: -0.8999999999999999s;">
      <div class="loading-spinner__ray" style="border-radius: 20%; top: 1px; left: 11px; width: 2px; height: 5px;"></div>
    </div>
    <div style="transform-origin: 12px 12px; animation: loading-spinner 1.2s linear infinite; transform: rotate(90deg); animation-delay: -0.7999999999999999s;">
      <div class="loading-spinner__ray" style="border-radius: 20%; top: 1px; left: 11px; width: 2px; height: 5px;"></div>
    </div>
    <div style="transform-origin: 12px 12px; animation: loading-spinner 1.2s linear infinite; transform: rotate(120deg); animation-delay: -0.7000000000000001s;">
      <div class="loading-spinner__ray" style="border-radius: 20%; top: 1px; left: 11px; width: 2px; height: 5px;"></div>
    </div>
    <div style="transform-origin: 12px 12px; animation: loading-spinner 1.2s linear infinite; transform: rotate(150deg); animation-delay: -0.6s;">
      <div class="loading-spinner__ray" style="border-radius: 20%; top: 1px; left: 11px; width: 2px; height: 5px;"></div>
    </div>
    <div style="transform-origin: 12px 12px; animation: loading-spinner 1.2s linear infinite; transform: rotate(180deg); animation-delay: -0.5s;">
      <div class="loading-spinner__ray" style="border-radius: 20%; top: 1px; left: 11px; width: 2px; height: 5px;"></div>
    </div>
    <div style="transform-origin: 12px 12px; animation: loading-spinner 1.2s linear infinite; transform: rotate(210deg); animation-delay: -0.39999999999999997s;">
      <div class="loading-spinner__ray" style="border-radius: 20%; top: 1px; left: 11px; width: 2px; height: 5px;"></div>
    </div>
    <div style="transform-origin: 12px 12px; animation: loading-spinner 1.2s linear infinite; transform: rotate(240deg); animation-delay: -0.3s;">
      <div class="loading-spinner__ray" style="border-radius: 20%; top: 1px; left: 11px; width: 2px; height: 5px;"></div>
    </div>
    <div style="transform-origin: 12px 12px; animation: loading-spinner 1.2s linear infinite; transform: rotate(270deg); animation-delay: -0.19999999999999998s;">
      <div class="loading-spinner__ray" style="border-radius: 20%; top: 1px; left: 11px; width: 2px; height: 5px;"></div>
    </div>
    <div style="transform-origin: 12px 12px; animation: loading-spinner 1.2s linear infinite; transform: rotate(300deg); animation-delay: -0.09999999999999999s;">
      <div class="loading-spinner__ray" style="border-radius: 20%; top: 1px; left: 11px; width: 2px; height: 5px;"></div>
    </div>
    <div style="transform-origin: 12px 12px; animation: loading-spinner 1.2s linear infinite; transform: rotate(330deg); animation-delay: 0s;">
      <div class="loading-spinner__ray" style="border-radius: 20%; top: 1px; left: 11px; width: 2px; height: 5px;"></div>
    </div>
  </div>
</div>
`;
